Archive member included to satisfy reference by file (symbol)

/Applications/Simplicity Studio.app/Contents/Eclipse/developer/sdks/gecko_sdk_suite/v2.6//platform/bootloader/build/lib//libstorage-single_efr32xg21_gcc.a(btl_storage_library.o)
                              ./storage-common-single/btl_storage.o (storage_verifySlot)
/Applications/Simplicity Studio.app/Contents/Eclipse/developer/sdks/gecko_sdk_suite/v2.6//platform/bootloader/build/lib//libstorage-single_efr32xg21_gcc.a(btl_storage_bootloadinfo_single.o)
                              /Applications/Simplicity Studio.app/Contents/Eclipse/developer/sdks/gecko_sdk_suite/v2.6//platform/bootloader/build/lib//libstorage-single_efr32xg21_gcc.a(btl_storage_library.o) (storage_getBootloadList)
/Applications/Simplicity Studio.app/Contents/Eclipse/developer/sdks/gecko_sdk_suite/v2.6//platform/bootloader/build/lib//libparser_efr32xg21_gcc.a(btl_ebl_parser.o)
                              /Applications/Simplicity Studio.app/Contents/Eclipse/developer/sdks/gecko_sdk_suite/v2.6//platform/bootloader/build/lib//libstorage-single_efr32xg21_gcc.a(btl_storage_library.o) (parser_init)
/Applications/Simplicity Studio.app/Contents/Eclipse/developer/sdks/gecko_sdk_suite/v2.6//platform/bootloader/build/lib//libbootloader_efr32xg21_gcc.a(btl_internal_flash.o)
                              ./internal_flash/btl_storage_internal_flash.o (flash_erasePage)
/Applications/Simplicity Studio.app/Contents/Eclipse/developer/sdks/gecko_sdk_suite/v2.6//platform/bootloader/build/lib//libbootloader_efr32xg21_gcc.a(btl_bootload.o)
                              /Applications/Simplicity Studio.app/Contents/Eclipse/developer/sdks/gecko_sdk_suite/v2.6//platform/bootloader/build/lib//libstorage-single_efr32xg21_gcc.a(btl_storage_library.o) (bootload_applicationCallback)
/Applications/Simplicity Studio.app/Contents/Eclipse/developer/sdks/gecko_sdk_suite/v2.6//platform/bootloader/build/lib//libbootloader_efr32xg21_gcc.a(btl_parse.o)
                              ./core/btl_main.o (core_initParser)
/Applications/Simplicity Studio.app/Contents/Eclipse/developer/sdks/gecko_sdk_suite/v2.6//platform/bootloader/build/lib//libbootloader_efr32xg21_gcc.a(btl_reset.o)
                              ./core/btl_main.o (reset_setResetReason)
/Applications/Simplicity Studio.app/Contents/Eclipse/developer/toolchains/gnu_arm/7.2_2017q4/bin/../lib/gcc/arm-none-eabi/7.2.1/thumb/v8-m.main/fpv5-sp/softfp/libgcc.a(_aeabi_ldivmod.o)
                              ./emlib/em_usart.o (__aeabi_ldivmod)
/Applications/Simplicity Studio.app/Contents/Eclipse/developer/toolchains/gnu_arm/7.2_2017q4/bin/../lib/gcc/arm-none-eabi/7.2.1/thumb/v8-m.main/fpv5-sp/softfp/libgcc.a(_aeabi_uldivmod.o)
                              ./emlib/em_usart.o (__aeabi_uldivmod)
/Applications/Simplicity Studio.app/Contents/Eclipse/developer/toolchains/gnu_arm/7.2_2017q4/bin/../lib/gcc/arm-none-eabi/7.2.1/thumb/v8-m.main/fpv5-sp/softfp/libgcc.a(_udivmoddi4.o)
                              /Applications/Simplicity Studio.app/Contents/Eclipse/developer/toolchains/gnu_arm/7.2_2017q4/bin/../lib/gcc/arm-none-eabi/7.2.1/thumb/v8-m.main/fpv5-sp/softfp/libgcc.a(_aeabi_ldivmod.o) (__udivmoddi4)
/Applications/Simplicity Studio.app/Contents/Eclipse/developer/toolchains/gnu_arm/7.2_2017q4/bin/../lib/gcc/arm-none-eabi/7.2.1/thumb/v8-m.main/fpv5-sp/softfp/libgcc.a(_dvmd_tls.o)
                              /Applications/Simplicity Studio.app/Contents/Eclipse/developer/toolchains/gnu_arm/7.2_2017q4/bin/../lib/gcc/arm-none-eabi/7.2.1/thumb/v8-m.main/fpv5-sp/softfp/libgcc.a(_aeabi_ldivmod.o) (__aeabi_ldiv0)
/Applications/Simplicity Studio.app/Contents/Eclipse/developer/toolchains/gnu_arm/7.2_2017q4/bin/../lib/gcc/arm-none-eabi/7.2.1/../../../../arm-none-eabi/lib/thumb/v8-m.main/fpv5-sp/softfp/libc_nano.a(lib_a-exit.o)
                              /Applications/Simplicity Studio.app/Contents/Eclipse/developer/toolchains/gnu_arm/7.2_2017q4/bin/../lib/gcc/arm-none-eabi/7.2.1/../../../../arm-none-eabi/lib/thumb/v8-m.main/fpv5-sp/softfp/crt0.o (exit)
/Applications/Simplicity Studio.app/Contents/Eclipse/developer/toolchains/gnu_arm/7.2_2017q4/bin/../lib/gcc/arm-none-eabi/7.2.1/../../../../arm-none-eabi/lib/thumb/v8-m.main/fpv5-sp/softfp/libc_nano.a(lib_a-impure.o)
                              /Applications/Simplicity Studio.app/Contents/Eclipse/developer/toolchains/gnu_arm/7.2_2017q4/bin/../lib/gcc/arm-none-eabi/7.2.1/../../../../arm-none-eabi/lib/thumb/v8-m.main/fpv5-sp/softfp/libc_nano.a(lib_a-exit.o) (_global_impure_ptr)
/Applications/Simplicity Studio.app/Contents/Eclipse/developer/toolchains/gnu_arm/7.2_2017q4/bin/../lib/gcc/arm-none-eabi/7.2.1/../../../../arm-none-eabi/lib/thumb/v8-m.main/fpv5-sp/softfp/libc_nano.a(lib_a-init.o)
[...]
Memory Configuration

Name             Origin             Length             Attributes
FLASH            0x0000000000000000 0x0000000000004000 xr
RAM              0x0000000020000000 0x0000000000008000 xrw
*default*        0x0000000000000000 0xffffffffffffffff

Linker script and memory map

LOAD /Applications/Simplicity Studio.app/Contents/Eclipse/developer/toolchains/gnu_arm/7.2_2017q4/bin/../lib/gcc/arm-none-eabi/7.2.1/thumb/v8-m.main/fpv5-sp/softfp/crti.o
LOAD /Applications/Simplicity Studio.app/Contents/Eclipse/developer/toolchains/gnu_arm/7.2_2017q4/bin/../lib/gcc/arm-none-eabi/7.2.1/thumb/v8-m.main/fpv5-sp/softfp/crtbegin.o
LOAD /Applications/Simplicity Studio.app/Contents/Eclipse/developer/toolchains/gnu_arm/7.2_2017q4/bin/../lib/gcc/arm-none-eabi/7.2.1/../../../../arm-none-eabi/lib/thumb/v8-m.main/fpv5-sp/softfp/crt0.o
START GROUP
LOAD ./CMSIS/system_efr32mg21.o
LOAD ./bootloader-callback-stubs.o
LOAD ./bootloader-callbacks.o
LOAD ./core/EFR32/gcc/main_btl_startup.o
LOAD ./core/btl_core.o
LOAD ./core/btl_driver_util.o
LOAD ./core/btl_main.o
LOAD ./crc/btl_crc16.o
LOAD ./crc/btl_crc32.o
LOAD ./crypto/btl_security_aes.o
LOAD ./crypto/btl_security_ecdsa.o
LOAD ./crypto/btl_security_sha256.o
LOAD ./crypto/ecc.o
LOAD ./emlib/em_assert.o
LOAD ./emlib/em_cmu.o
LOAD ./emlib/em_core.o
LOAD ./emlib/em_crypto.o
LOAD ./emlib/em_emu.o
LOAD ./emlib/em_gpio.o
LOAD ./emlib/em_msc.o
LOAD ./emlib/em_rmu.o
LOAD ./emlib/em_se.o
LOAD ./emlib/em_system.o
LOAD ./emlib/em_timer.o
LOAD ./emlib/em_usart.o
LOAD ./emlib/em_wdog.o
LOAD ./internal_flash/btl_storage_internal_flash.o
LOAD ./mbedtls/crypto_aes.o
LOAD ./mbedtls/crypto_management.o
LOAD ./mbedtls/crypto_sha.o
LOAD ./mbedtls/cryptoacc_aes.o
LOAD ./mbedtls/cryptoacc_management.o
LOAD ./mbedtls/cryptoacc_sha.o
LOAD ./mbedtls/se_aes.o
LOAD ./mbedtls/se_management.o
LOAD ./mbedtls/se_sha.o
LOAD ./mbedtls/shax.o
LOAD ./parser/btl_gbl_custom_tags.o
LOAD ./parser/btl_image_parser.o
LOAD ./storage-common-single/btl_storage.o
LOAD ./token-management/btl_security_tokens.o
LOAD /Applications/Simplicity Studio.app/Contents/Eclipse/developer/toolchains/gnu_arm/7.2_2017q4/bin/../lib/gcc/arm-none-eabi/7.2.1/../../../../arm-none-eabi/lib/thumb/v8-m.main/fpv5-sp/softfp/libnosys.a
LOAD /Applications/Simplicity Studio.app/Contents/Eclipse/developer/sdks/gecko_sdk_suite/v2.6//platform/bootloader/build/lib//libstorage-single_efr32xg21_gcc.a
LOAD /Applications/Simplicity Studio.app/Contents/Eclipse/developer/sdks/gecko_sdk_suite/v2.6//platform/bootloader/build/lib//libparser_efr32xg21_gcc.a
LOAD /Applications/Simplicity Studio.app/Contents/Eclipse/developer/sdks/gecko_sdk_suite/v2.6//platform/bootloader/build/lib//libbootloader_efr32xg21_gcc.a
END GROUP
START GROUP
LOAD /Applications/Simplicity Studio.app/Contents/Eclipse/developer/toolchains/gnu_arm/7.2_2017q4/bin/../lib/gcc/arm-none-eabi/7.2.1/thumb/v8-m.main/fpv5-sp/softfp/libgcc.a
LOAD /Applications/Simplicity Studio.app/Contents/Eclipse/developer/toolchains/gnu_arm/7.2_2017q4/bin/../lib/gcc/arm-none-eabi/7.2.1/../../../../arm-none-eabi/lib/thumb/v8-m.main/fpv5-sp/softfp/libc_nano.a
LOAD /Applications/Simplicity Studio.app/Contents/Eclipse/developer/toolchains/gnu_arm/7.2_2017q4/bin/../lib/gcc/arm-none-eabi/7.2.1/../../../../arm-none-eabi/lib/thumb/v8-m.main/fpv5-sp/softfp/libnosys.a
END GROUP
START GROUP
LOAD /Applications/Simplicity Studio.app/Contents/Eclipse/developer/toolchains/gnu_arm/7.2_2017q4/bin/../lib/gcc/arm-none-eabi/7.2.1/thumb/v8-m.main/fpv5-sp/softfp/libgcc.a
LOAD /Applications/Simplicity Studio.app/Contents/Eclipse/developer/toolchains/gnu_arm/7.2_2017q4/bin/../lib/gcc/arm-none-eabi/7.2.1/../../../../arm-none-eabi/lib/thumb/v8-m.main/fpv5-sp/softfp/libg_nano.a
LOAD /Applications/Simplicity Studio.app/Contents/Eclipse/developer/toolchains/gnu_arm/7.2_2017q4/bin/../lib/gcc/arm-none-eabi/7.2.1/../../../../arm-none-eabi/lib/thumb/v8-m.main/fpv5-sp/softfp/libc_nano.a
END GROUP
START GROUP
LOAD /Applications/Simplicity Studio.app/Contents/Eclipse/developer/toolchains/gnu_arm/7.2_2017q4/bin/../lib/gcc/arm-none-eabi/7.2.1/thumb/v8-m.main/fpv5-sp/softfp/libgcc.a
LOAD /Applications/Simplicity Studio.app/Contents/Eclipse/developer/toolchains/gnu_arm/7.2_2017q4/bin/../lib/gcc/arm-none-eabi/7.2.1/../../../../arm-none-eabi/lib/thumb/v8-m.main/fpv5-sp/softfp/libc_nano.a
END GROUP
LOAD /Applications/Simplicity Studio.app/Contents/Eclipse/developer/toolchains/gnu_arm/7.2_2017q4/bin/../lib/gcc/arm-none-eabi/7.2.1/thumb/v8-m.main/fpv5-sp/softfp/crtend.o
LOAD /Applications/Simplicity Studio.app/Contents/Eclipse/developer/toolchains/gnu_arm/7.2_2017q4/bin/../lib/gcc/arm-none-eabi/7.2.1/thumb/v8-m.main/fpv5-sp/softfp/crtn.o

.text           0x0000000000000000     0x2194
 *(.vectors)
 .vectors       0x0000000000000000       0x40 ./core/EFR32/gcc/main_btl_startup.o
                0x0000000000000000                __Vectors
                0x0000000000000040                __Vectors_End = .
                0x0000000000000040                __Vectors_Size = (__Vectors_End - __Vectors)
                0x0000000000000040                __end__ = .
 *(.text*)
 .text          0x0000000000000040       0x40 /Applications/Simplicity Studio.app/Contents/Eclipse/developer/toolchains/gnu_arm/7.2_2017q4/bin/../lib/gcc/arm-none-eabi/7.2.1/thumb/v8-m.main/fpv5-sp/softfp/crtbegin.o
 .text.SystemInit
                0x0000000000000080       0x1c ./CMSIS/system_efr32mg21.o
                0x0000000000000080                SystemInit
 .text.Default_Handler
                0x000000000000009c        0x2 ./core/EFR32/gcc/main_btl_startup.o
                0x000000000000009c                BusFault_Handler
                0x000000000000009c                SysTick_Handler
                0x000000000000009c                PendSV_Handler
                0x000000000000009c                NMI_Handler
                0x000000000000009c                UsageFault_Handler
                0x000000000000009c                Default_Handler
                0x000000000000009c                MemManage_Handler
                0x000000000000009c                SVC_Handler
                0x000000000000009c                DebugMon_Handler
 *fill*         0x000000000000009e        0x2 
 .text.Reset_Handler
                0x00000000000000a0       0x48 ./core/EFR32/gcc/main_btl_startup.o
                0x00000000000000a0                Reset_Handler
 .text.btl_init
                0x00000000000000e8        0x4 ./core/btl_core.o
                0x00000000000000e8                btl_init
 .text.btl_deinit
                0x00000000000000ec        0x4 ./core/btl_core.o
                0x00000000000000ec                btl_deinit
 .text.HardFault_Handler
                0x00000000000000f0        0x8 ./core/btl_main.o
                0x00000000000000f0                HardFault_Handler
 .text.startup.main
                0x00000000000000f8       0xd0 ./core/btl_main.o
                0x00000000000000f8                main
 .text.SystemInit2
                0x00000000000001c8       0x74 ./core/btl_main.o
                0x00000000000001c8                SystemInit2
 .text.bootloader_enforceSecureBoot
                0x000000000000023c        0x4 ./core/btl_main.o
                0x000000000000023c                bootloader_enforceSecureBoot
 .text.btl_crc32Stream
                0x0000000000000240       0x28 ./crc/btl_crc32.o
                0x0000000000000240                btl_crc32Stream
 .text.btl_initAesCcm
                0x0000000000000268       0x44 ./crypto/btl_security_aes.o
                0x0000000000000268                btl_initAesCcm
 .text.btl_processAesCtrData
                0x00000000000002ac       0x22 ./crypto/btl_security_aes.o
                0x00000000000002ac                btl_processAesCtrData
 *fill*         0x00000000000002ce        0x2 
 .text.btl_verifyEcdsaP256r1
                0x00000000000002d0       0xe8 ./crypto/btl_security_ecdsa.o
                0x00000000000002d0                btl_verifyEcdsaP256r1
 .text.btl_initSha256
                0x00000000000003b8       0x14 ./crypto/btl_security_sha256.o
                0x00000000000003b8                btl_initSha256
 .text.btl_updateSha256
                0x00000000000003cc        0x4 ./crypto/btl_security_sha256.o
                0x00000000000003cc                btl_updateSha256
 .text.btl_finalizeSha256
                0x00000000000003d0        0x6 ./crypto/btl_security_sha256.o
                0x00000000000003d0                btl_finalizeSha256
 *fill*         0x00000000000003d6        0x2 
 .text.mscStatusWait
                0x00000000000003d8       0x48 ./emlib/em_msc.o
                0x00000000000003d8                mscStatusWait
 .text.writeBurst
                0x0000000000000420       0x54 ./emlib/em_msc.o
                0x0000000000000420                writeBurst
 .text.MSC_Init
                0x0000000000000474       0x18 ./emlib/em_msc.o
                0x0000000000000474                MSC_Init
 .text.MSC_Deinit
                0x000000000000048c       0x1c ./emlib/em_msc.o
                0x000000000000048c                MSC_Deinit
 .text.MSC_ErasePage
                0x00000000000004a8       0x44 ./emlib/em_msc.o
                0x00000000000004a8                MSC_ErasePage
 .text.MSC_WriteWord
                0x00000000000004ec       0x6c ./emlib/em_msc.o
                0x00000000000004ec                MSC_WriteWord
 .text.SE_addDataInput
                0x0000000000000558       0x14 ./emlib/em_se.o
                0x0000000000000558                SE_addDataInput
 .text.SE_addDataOutput
                0x000000000000056c       0x14 ./emlib/em_se.o
                0x000000000000056c                SE_addDataOutput
 .text.SE_addParameter
                0x0000000000000580       0x12 ./emlib/em_se.o
                0x0000000000000580                SE_addParameter
 .text.SE_executeCommand
                0x0000000000000592       0x3c ./emlib/em_se.o
                0x0000000000000592                SE_executeCommand
 *fill*         0x00000000000005ce        0x2 
 .text.SYSTEM_ChipRevisionGet
                0x00000000000005d0       0x1c ./emlib/em_system.o
                0x00000000000005d0                SYSTEM_ChipRevisionGet
 .text.getDeviceInfo
                0x00000000000005ec        0x8 ./internal_flash/btl_storage_internal_flash.o
                0x00000000000005ec                getDeviceInfo
 .text.storage_init
                0x00000000000005f4        0x4 ./internal_flash/btl_storage_internal_flash.o
                0x00000000000005f4                storage_init
 .text.storage_isBusy
                0x00000000000005f8       0x10 ./internal_flash/btl_storage_internal_flash.o
                0x00000000000005f8                storage_isBusy
 .text.storage_readRaw
                0x0000000000000608       0x1e ./internal_flash/btl_storage_internal_flash.o
                0x0000000000000608                storage_readRaw
 .text.storage_writeRaw
                0x0000000000000626       0x32 ./internal_flash/btl_storage_internal_flash.o
                0x0000000000000626                storage_writeRaw
 .text.storage_eraseRaw
                0x0000000000000658       0x3c ./internal_flash/btl_storage_internal_flash.o
                0x0000000000000658                storage_eraseRaw
 .text.storage_shutdown
                0x0000000000000694        0x4 ./internal_flash/btl_storage_internal_flash.o
                0x0000000000000694                storage_shutdown
 .text.SE_readCommandResponse
                0x0000000000000698       0x12 ./mbedtls/se_aes.o
 .text.mbedtls_aes_init
                0x00000000000006aa        0xc ./mbedtls/se_aes.o
                0x00000000000006aa                mbedtls_aes_init
 .text.mbedtls_aes_setkey_enc
                0x00000000000006b6       0x40 ./mbedtls/se_aes.o
                0x00000000000006b6                mbedtls_aes_setkey_enc
 *fill*         0x00000000000006f6        0x2 
 .text.mbedtls_aes_crypt_ecb
                0x00000000000006f8       0xc8 ./mbedtls/se_aes.o
                0x00000000000006f8                mbedtls_aes_crypt_ecb
 .text.mbedtls_aes_crypt_ctr
                0x00000000000007c0      0x19c ./mbedtls/se_aes.o
                0x00000000000007c0                mbedtls_aes_crypt_ctr
 .text.se_management_acquire
                0x000000000000095c        0x4 ./mbedtls/se_management.o
                0x000000000000095c                se_management_acquire
 .text.se_management_release
                0x0000000000000960        0x4 ./mbedtls/se_management.o
                0x0000000000000960                se_management_release
 .text.sha_x_process
                0x0000000000000964       0xf0 ./mbedtls/se_sha.o
                0x0000000000000964                sha_x_process
 .text.sha_x_update
                0x0000000000000a54       0xcc ./mbedtls/shax.o
                0x0000000000000a54                sha_x_update
 .text.sha_x_finish
                0x0000000000000b20       0xac ./mbedtls/shax.o
                0x0000000000000b20                sha_x_finish
 .text.mbedtls_sha256_init
                0x0000000000000bcc        0xc ./mbedtls/shax.o
                0x0000000000000bcc                mbedtls_sha256_init
 .text.mbedtls_sha256_update_ret
                0x0000000000000bd8       0x24 ./mbedtls/shax.o
                0x0000000000000bd8                mbedtls_sha256_update_ret
 .text.mbedtls_sha256_finish_ret
                0x0000000000000bfc       0x24 ./mbedtls/shax.o
                0x0000000000000bfc                mbedtls_sha256_finish_ret
 .text.mbedtls_sha256_starts
                0x0000000000000c20       0x14 ./mbedtls/shax.o
                0x0000000000000c20                mbedtls_sha256_starts
 .text.mbedtls_sha256_update
                0x0000000000000c34        0x4 ./mbedtls/shax.o
                0x0000000000000c34                mbedtls_sha256_update
 .text.mbedtls_sha256_finish
                0x0000000000000c38        0x4 ./mbedtls/shax.o
                0x0000000000000c38                mbedtls_sha256_finish
 .text.gbl_isCustomTag
                0x0000000000000c3c        0x4 ./parser/btl_gbl_custom_tags.o
                0x0000000000000c3c                gbl_isCustomTag
 .text.gbl_getCustomTagProperties
                0x0000000000000c40        0x4 ./parser/btl_gbl_custom_tags.o
                0x0000000000000c40                gbl_getCustomTagProperties
 .text.parser_requireAuthenticity
                0x0000000000000c44        0x4 ./parser/btl_image_parser.o
                0x0000000000000c44                parser_requireAuthenticity
 .text.parser_requireConfidentiality
                0x0000000000000c48        0x4 ./parser/btl_image_parser.o
                0x0000000000000c48                parser_requireConfidentiality
 .text.parser_getApplicationAddress
                0x0000000000000c4c        0x8 ./parser/btl_image_parser.o
                0x0000000000000c4c                parser_getApplicationAddress
 .text.parser_getBootloaderUpgradeAddress
                0x0000000000000c54        0x6 ./parser/btl_image_parser.o
                0x0000000000000c54                parser_getBootloaderUpgradeAddress
 .text.parser_applicationUpgradeValidCallback
                0x0000000000000c5a        0x4 ./parser/btl_image_parser.o
                0x0000000000000c5a                parser_applicationUpgradeValidCallback
 .text.installImageFromSlot.constprop.0
                0x0000000000000c5e       0x96 ./storage-common-single/btl_storage.o
 .text.storage_main
                0x0000000000000cf4        0x4 ./storage-common-single/btl_storage.o
                0x0000000000000cf4                storage_main
 .text.btl_getSignedBootloaderKeyXPtr
                0x0000000000000cf8        0x4 ./token-management/btl_security_tokens.o
                0x0000000000000cf8                btl_getSignedBootloaderKeyXPtr
 .text.btl_getSignedBootloaderKeyYPtr
                0x0000000000000cfc        0x4 ./token-management/btl_security_tokens.o
                0x0000000000000cfc                btl_getSignedBootloaderKeyYPtr
 .text.btl_getImageFileEncryptionKeyPtr
                0x0000000000000d00        0x8 ./token-management/btl_security_tokens.o
                0x0000000000000d00                btl_getImageFileEncryptionKeyPtr
 .text.storage_getSlotInfo
                0x0000000000000d08       0x30 /Applications/Simplicity Studio.app/Contents/Eclipse/developer/sdks/gecko_sdk_suite/v2.6//platform/bootloader/build/lib//libstorage-single_efr32xg21_gcc.a(btl_storage_library.o)
                0x0000000000000d08                storage_getSlotInfo
 .text.dummyCallback
                0x0000000000000d38        0x6 /Applications/Simplicity Studio.app/Contents/Eclipse/developer/sdks/gecko_sdk_suite/v2.6//platform/bootloader/build/lib//libstorage-single_efr32xg21_gcc.a(btl_storage_library.o)
 *fill*         0x0000000000000d3e        0x2 
 .text.storage_readSlot
                0x0000000000000d40       0x3c /Applications/Simplicity Studio.app/Contents/Eclipse/developer/sdks/gecko_sdk_suite/v2.6//platform/bootloader/build/lib//libstorage-single_efr32xg21_gcc.a(btl_storage_library.o)
                0x0000000000000d40                storage_readSlot
 .text.advanceParser
                0x0000000000000d7c       0x3a /Applications/Simplicity Studio.app/Contents/Eclipse/developer/sdks/gecko_sdk_suite/v2.6//platform/bootloader/build/lib//libstorage-single_efr32xg21_gcc.a(btl_storage_library.o)
 .text.storage_verifySlot
                0x0000000000000db6       0x60 /Applications/Simplicity Studio.app/Contents/Eclipse/developer/sdks/gecko_sdk_suite/v2.6//platform/bootloader/build/lib//libstorage-single_efr32xg21_gcc.a(btl_storage_library.o)
                0x0000000000000db6                storage_verifySlot
 *fill*         0x0000000000000e16        0x2 
 .text.storage_getSlotMetadata
                0x0000000000000e18       0x90 /Applications/Simplicity Studio.app/Contents/Eclipse/developer/sdks/gecko_sdk_suite/v2.6//platform/bootloader/build/lib//libstorage-single_efr32xg21_gcc.a(btl_storage_library.o)
                0x0000000000000e18                storage_getSlotMetadata
 .text.storage_writeSlot
                0x0000000000000ea8       0x3c /Applications/Simplicity Studio.app/Contents/Eclipse/developer/sdks/gecko_sdk_suite/v2.6//platform/bootloader/build/lib//libstorage-single_efr32xg21_gcc.a(btl_storage_library.o)
                0x0000000000000ea8                storage_writeSlot
 .text.storage_eraseSlot
                0x0000000000000ee4       0x24 /Applications/Simplicity Studio.app/Contents/Eclipse/developer/sdks/gecko_sdk_suite/v2.6//platform/bootloader/build/lib//libstorage-single_efr32xg21_gcc.a(btl_storage_library.o)
                0x0000000000000ee4                storage_eraseSlot
 .text.storage_getInfo
                0x0000000000000f08       0x28 /Applications/Simplicity Studio.app/Contents/Eclipse/developer/sdks/gecko_sdk_suite/v2.6//platform/bootloader/build/lib//libstorage-single_efr32xg21_gcc.a(btl_storage_library.o)
                0x0000000000000f08                storage_getInfo
 .text.storage_initParseSlot
                0x0000000000000f30       0x28 /Applications/Simplicity Studio.app/Contents/Eclipse/developer/sdks/gecko_sdk_suite/v2.6//platform/bootloader/build/lib//libstorage-single_efr32xg21_gcc.a(btl_storage_library.o)
                0x0000000000000f30                storage_initParseSlot
 .text.bootloadFromSlot.constprop.5
                0x0000000000000f58       0x3a /Applications/Simplicity Studio.app/Contents/Eclipse/developer/sdks/gecko_sdk_suite/v2.6//platform/bootloader/build/lib//libstorage-single_efr32xg21_gcc.a(btl_storage_library.o)
 *fill*         0x0000000000000f92        0x2 
 .text.storage_upgradeSeFromSlot
                0x0000000000000f94       0x38 /Applications/Simplicity Studio.app/Contents/Eclipse/developer/sdks/gecko_sdk_suite/v2.6//platform/bootloader/build/lib//libstorage-single_efr32xg21_gcc.a(btl_storage_library.o)
                0x0000000000000f94                storage_upgradeSeFromSlot
 .text.storage_bootloadBootloaderFromSlot
                0x0000000000000fcc       0x44 /Applications/Simplicity Studio.app/Contents/Eclipse/developer/sdks/gecko_sdk_suite/v2.6//platform/bootloader/build/lib//libstorage-single_efr32xg21_gcc.a(btl_storage_library.o)
                0x0000000000000fcc                storage_bootloadBootloaderFromSlot
 .text.storage_bootloadApplicationFromSlot
                0x0000000000001010       0x38 /Applications/Simplicity Studio.app/Contents/Eclipse/developer/sdks/gecko_sdk_suite/v2.6//platform/bootloader/build/lib//libstorage-single_efr32xg21_gcc.a(btl_storage_library.o)
                0x0000000000001010                storage_bootloadApplicationFromSlot
 .text.storage_getBootloadList
                0x0000000000001048       0x1a /Applications/Simplicity Studio.app/Contents/Eclipse/developer/sdks/gecko_sdk_suite/v2.6//platform/bootloader/build/lib//libstorage-single_efr32xg21_gcc.a(btl_storage_bootloadinfo_single.o)
                0x0000000000001048                storage_getBootloadList
 .text.storage_setBootloadList
                0x0000000000001062       0x10 /Applications/Simplicity Studio.app/Contents/Eclipse/developer/sdks/gecko_sdk_suite/v2.6//platform/bootloader/build/lib//libstorage-single_efr32xg21_gcc.a(btl_storage_bootloadinfo_single.o)
                0x0000000000001062                storage_setBootloadList
 .text.storage_appendBootloadList
                0x0000000000001072        0x6 /Applications/Simplicity Studio.app/Contents/Eclipse/developer/sdks/gecko_sdk_suite/v2.6//platform/bootloader/build/lib//libstorage-single_efr32xg21_gcc.a(btl_storage_bootloadinfo_single.o)
                0x0000000000001072                storage_appendBootloadList
 .text.ebl_storeData
                0x0000000000001078       0x42 /Applications/Simplicity Studio.app/Contents/Eclipse/developer/sdks/gecko_sdk_suite/v2.6//platform/bootloader/build/lib//libparser_efr32xg21_gcc.a(btl_ebl_parser.o)
 .text.ebl_getData
                0x00000000000010ba       0xea /Applications/Simplicity Studio.app/Contents/Eclipse/developer/sdks/gecko_sdk_suite/v2.6//platform/bootloader/build/lib//libparser_efr32xg21_gcc.a(btl_ebl_parser.o)
 .text.ebl_parseHeader
                0x00000000000011a4       0x7c /Applications/Simplicity Studio.app/Contents/Eclipse/developer/sdks/gecko_sdk_suite/v2.6//platform/bootloader/build/lib//libparser_efr32xg21_gcc.a(btl_ebl_parser.o)
 .text.gbl_writeProgData
                0x0000000000001220       0xa4 /Applications/Simplicity Studio.app/Contents/Eclipse/developer/sdks/gecko_sdk_suite/v2.6//platform/bootloader/build/lib//libparser_efr32xg21_gcc.a(btl_ebl_parser.o)
                0x0000000000001220                gbl_writeProgData
 .text.parser_init
                0x00000000000012c4       0x72 /Applications/Simplicity Studio.app/Contents/Eclipse/developer/sdks/gecko_sdk_suite/v2.6//platform/bootloader/build/lib//libparser_efr32xg21_gcc.a(btl_ebl_parser.o)
                0x00000000000012c4                parser_init
 *fill*         0x0000000000001336        0x2 
 .text.parser_parse
                0x0000000000001338      0x7d4 /Applications/Simplicity Studio.app/Contents/Eclipse/developer/sdks/gecko_sdk_suite/v2.6//platform/bootloader/build/lib//libparser_efr32xg21_gcc.a(btl_ebl_parser.o)
                0x0000000000001338                parser_parse
 .text.flash_erasePage
                0x0000000000001b0c       0x1c /Applications/Simplicity Studio.app/Contents/Eclipse/developer/sdks/gecko_sdk_suite/v2.6//platform/bootloader/build/lib//libbootloader_efr32xg21_gcc.a(btl_internal_flash.o)
                0x0000000000001b0c                flash_erasePage
 .text.flash_writeBuffer
                0x0000000000001b28       0x36 /Applications/Simplicity Studio.app/Contents/Eclipse/developer/sdks/gecko_sdk_suite/v2.6//platform/bootloader/build/lib//libbootloader_efr32xg21_gcc.a(btl_internal_flash.o)
                0x0000000000001b28                flash_writeBuffer
 .text.SE_readCommandResponse
                0x0000000000001b5e       0x12 /Applications/Simplicity Studio.app/Contents/Eclipse/developer/sdks/gecko_sdk_suite/v2.6//platform/bootloader/build/lib//libbootloader_efr32xg21_gcc.a(btl_bootload.o)
 .text.checkApplicationPropertiesMagic
                0x0000000000001b70       0x44 /Applications/Simplicity Studio.app/Contents/Eclipse/developer/sdks/gecko_sdk_suite/v2.6//platform/bootloader/build/lib//libbootloader_efr32xg21_gcc.a(btl_bootload.o)
 .text.flashData
                0x0000000000001bb4       0x42 /Applications/Simplicity Studio.app/Contents/Eclipse/developer/sdks/gecko_sdk_suite/v2.6//platform/bootloader/build/lib//libbootloader_efr32xg21_gcc.a(btl_bootload.o)
 .text.getSignatureX
                0x0000000000001bf6       0x28 /Applications/Simplicity Studio.app/Contents/Eclipse/developer/sdks/gecko_sdk_suite/v2.6//platform/bootloader/build/lib//libbootloader_efr32xg21_gcc.a(btl_bootload.o)
 .text.bootload_verifySecureBoot
                0x0000000000001c1e       0x68 /Applications/Simplicity Studio.app/Contents/Eclipse/developer/sdks/gecko_sdk_suite/v2.6//platform/bootloader/build/lib//libbootloader_efr32xg21_gcc.a(btl_bootload.o)
 .text.bootload_applicationCallback
                0x0000000000001c86       0x20 /Applications/Simplicity Studio.app/Contents/Eclipse/developer/sdks/gecko_sdk_suite/v2.6//platform/bootloader/build/lib//libbootloader_efr32xg21_gcc.a(btl_bootload.o)
                0x0000000000001c86                bootload_applicationCallback
 .text.bootload_bootloaderCallback
                0x0000000000001ca6       0x3c /Applications/Simplicity Studio.app/Contents/Eclipse/developer/sdks/gecko_sdk_suite/v2.6//platform/bootloader/build/lib//libbootloader_efr32xg21_gcc.a(btl_bootload.o)
                0x0000000000001ca6                bootload_bootloaderCallback
 *fill*         0x0000000000001ce2        0x2 
 .text.bootload_verifyApplication
                0x0000000000001ce4       0x8c /Applications/Simplicity Studio.app/Contents/Eclipse/developer/sdks/gecko_sdk_suite/v2.6//platform/bootloader/build/lib//libbootloader_efr32xg21_gcc.a(btl_bootload.o)
                0x0000000000001ce4                bootload_verifyApplication
 .text.bootload_commitBootloaderUpgrade
                0x0000000000001d70       0x8c /Applications/Simplicity Studio.app/Contents/Eclipse/developer/sdks/gecko_sdk_suite/v2.6//platform/bootloader/build/lib//libbootloader_efr32xg21_gcc.a(btl_bootload.o)
                0x0000000000001d70                bootload_commitBootloaderUpgrade
 .text.bootload_checkSeUpgradeVersion
                0x0000000000001dfc       0x54 /Applications/Simplicity Studio.app/Contents/Eclipse/developer/sdks/gecko_sdk_suite/v2.6//platform/bootloader/build/lib//libbootloader_efr32xg21_gcc.a(btl_bootload.o)
                0x0000000000001dfc                bootload_checkSeUpgradeVersion
 .text.bootload_commitSeUpgrade
                0x0000000000001e50       0x68 /Applications/Simplicity Studio.app/Contents/Eclipse/developer/sdks/gecko_sdk_suite/v2.6//platform/bootloader/build/lib//libbootloader_efr32xg21_gcc.a(btl_bootload.o)
                0x0000000000001e50                bootload_commitSeUpgrade
 .text.core_initParser
                0x0000000000001eb8       0x32 /Applications/Simplicity Studio.app/Contents/Eclipse/developer/sdks/gecko_sdk_suite/v2.6//platform/bootloader/build/lib//libbootloader_efr32xg21_gcc.a(btl_parse.o)
                0x0000000000001eb8                core_initParser
 .text.core_parseBuffer
                0x0000000000001eea       0x3a /Applications/Simplicity Studio.app/Contents/Eclipse/developer/sdks/gecko_sdk_suite/v2.6//platform/bootloader/build/lib//libbootloader_efr32xg21_gcc.a(btl_parse.o)
                0x0000000000001eea                core_parseBuffer
 .text.reset_setResetReason
                0x0000000000001f24        0xe /Applications/Simplicity Studio.app/Contents/Eclipse/developer/sdks/gecko_sdk_suite/v2.6//platform/bootloader/build/lib//libbootloader_efr32xg21_gcc.a(btl_reset.o)
                0x0000000000001f24                reset_setResetReason
 .text.reset_invalidateResetReason
                0x0000000000001f32        0xc /Applications/Simplicity Studio.app/Contents/Eclipse/developer/sdks/gecko_sdk_suite/v2.6//platform/bootloader/build/lib//libbootloader_efr32xg21_gcc.a(btl_reset.o)
                0x0000000000001f32                reset_invalidateResetReason
 *fill*         0x0000000000001f3e        0x2 
 .text.reset_resetWithReason
                0x0000000000001f40       0x30 /Applications/Simplicity Studio.app/Contents/Eclipse/developer/sdks/gecko_sdk_suite/v2.6//platform/bootloader/build/lib//libbootloader_efr32xg21_gcc.a(btl_reset.o)
                0x0000000000001f40                reset_resetWithReason
 .text.reset_classifyReset
                0x0000000000001f70       0x2a /Applications/Simplicity Studio.app/Contents/Eclipse/developer/sdks/gecko_sdk_suite/v2.6//platform/bootloader/build/lib//libbootloader_efr32xg21_gcc.a(btl_reset.o)
                0x0000000000001f70                reset_classifyReset
 .text.memcmp   0x0000000000001f9a       0x1e /Applications/Simplicity Studio.app/Contents/Eclipse/developer/toolchains/gnu_arm/7.2_2017q4/bin/../lib/gcc/arm-none-eabi/7.2.1/../../../../arm-none-eabi/lib/thumb/v8-m.main/fpv5-sp/softfp/libc_nano.a(lib_a-memcmp.o)
                0x0000000000001f9a                memcmp
 .text.memcpy   0x0000000000001fb8       0x16 /Applications/Simplicity Studio.app/Contents/Eclipse/developer/toolchains/gnu_arm/7.2_2017q4/bin/../lib/gcc/arm-none-eabi/7.2.1/../../../../arm-none-eabi/lib/thumb/v8-m.main/fpv5-sp/softfp/libc_nano.a(lib_a-memcpy-stub.o)
                0x0000000000001fb8                memcpy
 .text.memset   0x0000000000001fce       0x10 /Applications/Simplicity Studio.app/Contents/Eclipse/developer/toolchains/gnu_arm/7.2_2017q4/bin/../lib/gcc/arm-none-eabi/7.2.1/../../../../arm-none-eabi/lib/thumb/v8-m.main/fpv5-sp/softfp/libc_nano.a(lib_a-memset.o)
                0x0000000000001fce                memset
 *(.init)
 *fill*         0x0000000000001fde        0x2 
 .init          0x0000000000001fe0        0x4 /Applications/Simplicity Studio.app/Contents/Eclipse/developer/toolchains/gnu_arm/7.2_2017q4/bin/../lib/gcc/arm-none-eabi/7.2.1/thumb/v8-m.main/fpv5-sp/softfp/crti.o
                0x0000000000001fe0                _init
 .init          0x0000000000001fe4        0x8 /Applications/Simplicity Studio.app/Contents/Eclipse/developer/toolchains/gnu_arm/7.2_2017q4/bin/../lib/gcc/arm-none-eabi/7.2.1/thumb/v8-m.main/fpv5-sp/softfp/crtn.o
 *(.fini)
 .fini          0x0000000000001fec        0x4 /Applications/Simplicity Studio.app/Contents/Eclipse/developer/toolchains/gnu_arm/7.2_2017q4/bin/../lib/gcc/arm-none-eabi/7.2.1/thumb/v8-m.main/fpv5-sp/softfp/crti.o
                0x0000000000001fec                _fini
 .fini          0x0000000000001ff0        0x8 /Applications/Simplicity Studio.app/Contents/Eclipse/developer/toolchains/gnu_arm/7.2_2017q4/bin/../lib/gcc/arm-none-eabi/7.2.1/thumb/v8-m.main/fpv5-sp/softfp/crtn.o
 *crtbegin.o(.ctors)
 *crtbegin?.o(.ctors)
 *(EXCLUDE_FILE(*crtend.o *crtend?.o) .ctors)
 *(SORT_BY_NAME(.ctors.*))
 *(.ctors)
 *crtbegin.o(.dtors)
 *crtbegin?.o(.dtors)
 *(EXCLUDE_FILE(*crtend.o *crtend?.o) .dtors)
 *(SORT_BY_NAME(.dtors.*))
 *(.dtors)
 *(.rodata*)
 .rodata.mainStageTable
                0x0000000000001ff8       0x34 ./core/btl_main.o
                0x0000000000001ff8                mainStageTable
 .rodata.sl_app_properties
                0x000000000000202c       0x40 ./core/btl_main.o
                0x000000000000202c                sl_app_properties
 .rodata.deviceInfo
                0x000000000000206c       0x1c ./internal_flash/btl_storage_internal_flash.o
 .rodata.storageLayout
                0x0000000000002088       0x10 ./internal_flash/btl_storage_internal_flash.o
                0x0000000000002088                storageLayout
 .rodata.str1.1
                0x0000000000002098        0x6 ./internal_flash/btl_storage_internal_flash.o
 .rodata.init_state_sha1
                0x000000000000209e       0x20 ./mbedtls/shax.o
 .rodata.init_state_sha224
                0x00000000000020be       0x20 ./mbedtls/shax.o
 .rodata.init_state_sha256
                0x00000000000020de       0x20 ./mbedtls/shax.o
 .rodata.shax_padding
                0x00000000000020fe       0x40 ./mbedtls/shax.o
 *fill*         0x000000000000213e        0x2 
 .rodata.storageFunctions
                0x0000000000002140       0x40 /Applications/Simplicity Studio.app/Contents/Eclipse/developer/sdks/gecko_sdk_suite/v2.6//platform/bootloader/build/lib//libstorage-single_efr32xg21_gcc.a(btl_storage_library.o)
                0x0000000000002140                storageFunctions
 .rodata        0x0000000000002180       0x10 /Applications/Simplicity Studio.app/Contents/Eclipse/developer/sdks/gecko_sdk_suite/v2.6//platform/bootloader/build/lib//libbootloader_efr32xg21_gcc.a(btl_bootload.o)
 *(.eh_frame*)
 .eh_frame      0x0000000000002190        0x0 /Applications/Simplicity Studio.app/Contents/Eclipse/developer/toolchains/gnu_arm/7.2_2017q4/bin/../lib/gcc/arm-none-eabi/7.2.1/thumb/v8-m.main/fpv5-sp/softfp/crtbegin.o
 .eh_frame      0x0000000000002190        0x4 /Applications/Simplicity Studio.app/Contents/Eclipse/developer/toolchains/gnu_arm/7.2_2017q4/bin/../lib/gcc/arm-none-eabi/7.2.1/thumb/v8-m.main/fpv5-sp/softfp/crtend.o

.glue_7         0x0000000000002194        0x0
 .glue_7        0x0000000000002194        0x0 linker stubs

.glue_7t        0x0000000000002194        0x0
 .glue_7t       0x0000000000002194        0x0 linker stubs

.vfp11_veneer   0x0000000000002194        0x0
 .vfp11_veneer  0x0000000000002194        0x0 linker stubs

.v4_bx          0x0000000000002194        0x0
 .v4_bx         0x0000000000002194        0x0 linker stubs

.iplt           0x0000000000002194        0x0
 .iplt          0x0000000000002194        0x0 /Applications/Simplicity Studio.app/Contents/Eclipse/developer/toolchains/gnu_arm/7.2_2017q4/bin/../lib/gcc/arm-none-eabi/7.2.1/thumb/v8-m.main/fpv5-sp/softfp/crtbegin.o

.rel.dyn        0x0000000000002194        0x0
 .rel.iplt      0x0000000000002194        0x0 /Applications/Simplicity Studio.app/Contents/Eclipse/developer/toolchains/gnu_arm/7.2_2017q4/bin/../lib/gcc/arm-none-eabi/7.2.1/thumb/v8-m.main/fpv5-sp/softfp/crtbegin.o

.ARM.extab
 *(.ARM.extab* .gnu.linkonce.armextab.*)
                0x0000000000002194                __exidx_start = .

.ARM.exidx
 *(.ARM.exidx* .gnu.linkonce.armexidx.*)
                0x0000000000002194                __exidx_end = .
                0x0000000000002194                __etext = .

.crashinfo      0x0000000020000000      0x100
                0x0000000020000100                . = (. + 0x100)
 *fill*         0x0000000020000000      0x100 

.data           0x0000000020000100        0x8 load address 0x0000000000002194
                0x0000000020000100                __data_start__ = .
 *(vtable)
 *(.data*)
                0x0000000020000100                . = ALIGN (0x4)
 *(.ram)
                0x0000000020000100                . = ALIGN (0x4)
                0x0000000020000100                PROVIDE (__preinit_array_start, .)
 *(.preinit_array)
                0x0000000020000100                PROVIDE (__preinit_array_end, .)
                0x0000000020000100                . = ALIGN (0x4)
                0x0000000020000100                PROVIDE (__init_array_start, .)
 *(SORT_BY_NAME(.init_array.*))
 *(.init_array)
 .init_array    0x0000000020000100        0x4 /Applications/Simplicity Studio.app/Contents/Eclipse/developer/toolchains/gnu_arm/7.2_2017q4/bin/../lib/gcc/arm-none-eabi/7.2.1/thumb/v8-m.main/fpv5-sp/softfp/crtbegin.o
                0x0000000020000104                PROVIDE (__init_array_end, .)
                0x0000000020000104                . = ALIGN (0x4)
                [!provide]                        PROVIDE (__fini_array_start, .)
 *(SORT_BY_NAME(.fini_array.*))
 *(.fini_array)
 .fini_array    0x0000000020000104        0x4 /Applications/Simplicity Studio.app/Contents/Eclipse/developer/toolchains/gnu_arm/7.2_2017q4/bin/../lib/gcc/arm-none-eabi/7.2.1/thumb/v8-m.main/fpv5-sp/softfp/crtbegin.o
                [!provide]                        PROVIDE (__fini_array_end, .)
 *(.jcr*)
                0x0000000020000108                . = ALIGN (0x4)
                0x0000000020000108                __data_end__ = .
                0x000000000000219c                __rom_end__ = (__etext + SIZEOF (.data))

.igot.plt       0x0000000020000108        0x0 load address 0x000000000000219c
 .igot.plt      0x0000000020000108        0x0 /Applications/Simplicity Studio.app/Contents/Eclipse/developer/toolchains/gnu_arm/7.2_2017q4/bin/../lib/gcc/arm-none-eabi/7.2.1/thumb/v8-m.main/fpv5-sp/softfp/crtbegin.o

.bss            0x0000000020000108       0x1c load address 0x000000000000219c
                0x0000000020000108                . = ALIGN (0x4)
                0x0000000020000108                __bss_start__ = .
 *(.bss*)
 .bss           0x0000000020000108       0x1c /Applications/Simplicity Studio.app/Contents/Eclipse/developer/toolchains/gnu_arm/7.2_2017q4/bin/../lib/gcc/arm-none-eabi/7.2.1/thumb/v8-m.main/fpv5-sp/softfp/crtbegin.o
 *(COMMON)
                0x0000000020000124                . = ALIGN (0x4)
                0x0000000020000124                __bss_end__ = .

.heap           0x0000000020000128      0xc00
                0x0000000020000128                __HeapBase = .
                0x0000000020000128                __end__ = .
                0x0000000020000128                end = __end__
                0x0000000020000128                _end = __end__
 *(.heap*)
 .heap          0x0000000020000128      0xc00 ./core/EFR32/gcc/main_btl_startup.o
                0x0000000020000d28                __HeapLimit = .

.stack_dummy    0x0000000020000d28     0x1000
 *(.stack*)
 .stack         0x0000000020000d28     0x1000 ./core/EFR32/gcc/main_btl_startup.o
                0x0000000020008000                __StackTop = (ORIGIN (RAM) + LENGTH (RAM))
                0x0000000020007000                __StackLimit = (__StackTop - SIZEOF (.stack_dummy))
                0x0000000020008000                PROVIDE (__stack, __StackTop)
                0x0000000000000001                ASSERT ((__StackLimit >= __HeapLimit), region RAM overflowed with stack)
                0x0000000000000001                ASSERT (((LENGTH (FLASH) - 0x4) >= ((__etext + SIZEOF (.data)) - ORIGIN (FLASH))), FLASH memory overflowed !)
OUTPUT(AppBootMG21v192.axf elf32-littlearm)

.ARM.attributes
                0x0000000000000000       0x34
 .ARM.attributes
                0x0000000000000000       0x26 /Applications/Simplicity Studio.app/Contents/Eclipse/developer/toolchains/gnu_arm/7.2_2017q4/bin/../lib/gcc/arm-none-eabi/7.2.1/thumb/v8-m.main/fpv5-sp/softfp/crti.o
 .ARM.attributes
                0x0000000000000026       0x36 /Applications/Simplicity Studio.app/Contents/Eclipse/developer/toolchains/gnu_arm/7.2_2017q4/bin/../lib/gcc/arm-none-eabi/7.2.1/thumb/v8-m.main/fpv5-sp/softfp/crtbegin.o
 .ARM.attributes
                0x000000000000005c       0x3a ./CMSIS/system_efr32mg21.o
 .ARM.attributes
                0x0000000000000096       0x3a ./core/EFR32/gcc/main_btl_startup.o
 .ARM.attributes
                0x00000000000000d0       0x3a ./core/btl_core.o
 .ARM.attributes
                0x000000000000010a       0x3a ./core/btl_main.o
 .ARM.attributes
                0x0000000000000144       0x3a ./crc/btl_crc32.o
 .ARM.attributes
                0x000000000000017e       0x3a ./crypto/btl_security_aes.o
 .ARM.attributes
                0x00000000000001b8       0x3a ./crypto/btl_security_ecdsa.o
 .ARM.attributes
                0x00000000000001f2       0x3a ./crypto/btl_security_sha256.o
 .ARM.attributes
                0x000000000000022c       0x3a ./emlib/em_msc.o
 .ARM.attributes
                0x0000000000000266       0x3a ./emlib/em_se.o
 .ARM.attributes
                0x00000000000002a0       0x3a ./emlib/em_system.o
 .ARM.attributes
                0x00000000000002da       0x3a ./internal_flash/btl_storage_internal_flash.o
 .ARM.attributes
                0x0000000000000314       0x3a ./mbedtls/se_aes.o
 .ARM.attributes
                0x000000000000034e       0x3a ./mbedtls/se_management.o
 .ARM.attributes
                0x0000000000000388       0x3a ./mbedtls/se_sha.o
 .ARM.attributes
                0x00000000000003c2       0x3a ./mbedtls/shax.o
 .ARM.attributes
                0x00000000000003fc       0x3a ./parser/btl_gbl_custom_tags.o
 .ARM.attributes
                0x0000000000000436       0x3a ./parser/btl_image_parser.o
 .ARM.attributes
                0x0000000000000470       0x3a ./storage-common-single/btl_storage.o
 .ARM.attributes
                0x00000000000004aa       0x3a ./token-management/btl_security_tokens.o
 .ARM.attributes
                0x00000000000004e4       0x3a /Applications/Simplicity Studio.app/Contents/Eclipse/developer/sdks/gecko_sdk_suite/v2.6//platform/bootloader/build/lib//libstorage-single_efr32xg21_gcc.a(btl_storage_library.o)
 .ARM.attributes
                0x000000000000051e       0x3a /Applications/Simplicity Studio.app/Contents/Eclipse/developer/sdks/gecko_sdk_suite/v2.6//platform/bootloader/build/lib//libstorage-single_efr32xg21_gcc.a(btl_storage_bootloadinfo_single.o)
 .ARM.attributes
                0x0000000000000558       0x3a /Applications/Simplicity Studio.app/Contents/Eclipse/developer/sdks/gecko_sdk_suite/v2.6//platform/bootloader/build/lib//libparser_efr32xg21_gcc.a(btl_ebl_parser.o)
 .ARM.attributes
                0x0000000000000592       0x3a /Applications/Simplicity Studio.app/Contents/Eclipse/developer/sdks/gecko_sdk_suite/v2.6//platform/bootloader/build/lib//libbootloader_efr32xg21_gcc.a(btl_internal_flash.o)
 .ARM.attributes
                0x00000000000005cc       0x3a /Applications/Simplicity Studio.app/Contents/Eclipse/developer/sdks/gecko_sdk_suite/v2.6//platform/bootloader/build/lib//libbootloader_efr32xg21_gcc.a(btl_bootload.o)
 .ARM.attributes
                0x0000000000000606       0x3a /Applications/Simplicity Studio.app/Contents/Eclipse/developer/sdks/gecko_sdk_suite/v2.6//platform/bootloader/build/lib//libbootloader_efr32xg21_gcc.a(btl_parse.o)
 .ARM.attributes
                0x0000000000000640       0x3a /Applications/Simplicity Studio.app/Contents/Eclipse/developer/sdks/gecko_sdk_suite/v2.6//platform/bootloader/build/lib//libbootloader_efr32xg21_gcc.a(btl_reset.o)
 .ARM.attributes
                0x000000000000067a       0x36 /Applications/Simplicity Studio.app/Contents/Eclipse/developer/toolchains/gnu_arm/7.2_2017q4/bin/../lib/gcc/arm-none-eabi/7.2.1/../../../../arm-none-eabi/lib/thumb/v8-m.main/fpv5-sp/softfp/libc_nano.a(lib_a-memcmp.o)
 .ARM.attributes
                0x00000000000006b0       0x36 /Applications/Simplicity Studio.app/Contents/Eclipse/developer/toolchains/gnu_arm/7.2_2017q4/bin/../lib/gcc/arm-none-eabi/7.2.1/../../../../arm-none-eabi/lib/thumb/v8-m.main/fpv5-sp/softfp/libc_nano.a(lib_a-memcpy-stub.o)
 .ARM.attributes
                0x00000000000006e6       0x36 /Applications/Simplicity Studio.app/Contents/Eclipse/developer/toolchains/gnu_arm/7.2_2017q4/bin/../lib/gcc/arm-none-eabi/7.2.1/../../../../arm-none-eabi/lib/thumb/v8-m.main/fpv5-sp/softfp/libc_nano.a(lib_a-memset.o)
 .ARM.attributes
                0x000000000000071c       0x36 /Applications/Simplicity Studio.app/Contents/Eclipse/developer/toolchains/gnu_arm/7.2_2017q4/bin/../lib/gcc/arm-none-eabi/7.2.1/thumb/v8-m.main/fpv5-sp/softfp/crtend.o
 .ARM.attributes
                0x0000000000000752       0x26 /Applications/Simplicity Studio.app/Contents/Eclipse/developer/toolchains/gnu_arm/7.2_2017q4/bin/../lib/gcc/arm-none-eabi/7.2.1/thumb/v8-m.main/fpv5-sp/softfp/crtn.o

.comment        0x0000000000000000       0x7e
 .comment       0x0000000000000000       0x7e ./CMSIS/system_efr32mg21.o
                                         0x7f (size before relaxing)
 .comment       0x000000000000007e       0x7f ./core/EFR32/gcc/main_btl_startup.o
 .comment       0x000000000000007e       0x7f ./core/btl_core.o
 .comment       0x000000000000007e       0x7f ./core/btl_main.o
 .comment       0x000000000000007e       0x7f ./crc/btl_crc32.o
 .comment       0x000000000000007e       0x7f ./crypto/btl_security_aes.o
 .comment       0x000000000000007e       0x7f ./crypto/btl_security_ecdsa.o
 .comment       0x000000000000007e       0x7f ./crypto/btl_security_sha256.o
 .comment       0x000000000000007e       0x7f ./emlib/em_msc.o
 .comment       0x000000000000007e       0x7f ./emlib/em_se.o
 .comment       0x000000000000007e       0x7f ./emlib/em_system.o
 .comment       0x000000000000007e       0x7f ./internal_flash/btl_storage_internal_flash.o
 .comment       0x000000000000007e       0x7f ./mbedtls/se_aes.o
 .comment       0x000000000000007e       0x7f ./mbedtls/se_management.o
 .comment       0x000000000000007e       0x7f ./mbedtls/se_sha.o
 .comment       0x000000000000007e       0x7f ./mbedtls/shax.o
 .comment       0x000000000000007e       0x7f ./parser/btl_gbl_custom_tags.o
 .comment       0x000000000000007e       0x7f ./parser/btl_image_parser.o
 .comment       0x000000000000007e       0x7f ./storage-common-single/btl_storage.o
 .comment       0x000000000000007e       0x7f ./token-management/btl_security_tokens.o
 .comment       0x000000000000007e       0x7f /Applications/Simplicity Studio.app/Contents/Eclipse/developer/sdks/gecko_sdk_suite/v2.6//platform/bootloader/build/lib//libstorage-single_efr32xg21_gcc.a(btl_storage_library.o)
 .comment       0x000000000000007e       0x7f /Applications/Simplicity Studio.app/Contents/Eclipse/developer/sdks/gecko_sdk_suite/v2.6//platform/bootloader/build/lib//libstorage-single_efr32xg21_gcc.a(btl_storage_bootloadinfo_single.o)
 .comment       0x000000000000007e       0x7f /Applications/Simplicity Studio.app/Contents/Eclipse/developer/sdks/gecko_sdk_suite/v2.6//platform/bootloader/build/lib//libparser_efr32xg21_gcc.a(btl_ebl_parser.o)
 .comment       0x000000000000007e       0x7f /Applications/Simplicity Studio.app/Contents/Eclipse/developer/sdks/gecko_sdk_suite/v2.6//platform/bootloader/build/lib//libbootloader_efr32xg21_gcc.a(btl_internal_flash.o)
 .comment       0x000000000000007e       0x7f /Applications/Simplicity Studio.app/Contents/Eclipse/developer/sdks/gecko_sdk_suite/v2.6//platform/bootloader/build/lib//libbootloader_efr32xg21_gcc.a(btl_bootload.o)
 .comment       0x000000000000007e       0x7f /Applications/Simplicity Studio.app/Contents/Eclipse/developer/sdks/gecko_sdk_suite/v2.6//platform/bootloader/build/lib//libbootloader_efr32xg21_gcc.a(btl_parse.o)
 .comment       0x000000000000007e       0x7f /Applications/Simplicity Studio.app/Contents/Eclipse/developer/sdks/gecko_sdk_suite/v2.6//platform/bootloader/build/lib//libbootloader_efr32xg21_gcc.a(btl_reset.o)

.debug_info     0x0000000000000000    0x10ab4
 .debug_info    0x0000000000000000     0x12bc ./CMSIS/system_efr32mg21.o
 .debug_info    0x00000000000012bc      0xa76 ./core/EFR32/gcc/main_btl_startup.o
 .debug_info    0x0000000000001d32      0x15d ./core/btl_core.o
 .debug_info    0x0000000000001e8f     0x1f02 ./core/btl_main.o
 .debug_info    0x0000000000003d91      0x464 ./crc/btl_crc32.o
 .debug_info    0x00000000000041f5      0xdc5 ./crypto/btl_security_aes.o
 .debug_info    0x0000000000004fba      0xdf1 ./crypto/btl_security_ecdsa.o
 .debug_info    0x0000000000005dab      0x3a2 ./crypto/btl_security_sha256.o
 .debug_info    0x000000000000614d     0x1a4c ./emlib/em_msc.o
 .debug_info    0x0000000000007b99      0xfb0 ./emlib/em_se.o
 .debug_info    0x0000000000008b49      0x7c0 ./emlib/em_system.o
 .debug_info    0x0000000000009309     0x14d7 ./internal_flash/btl_storage_internal_flash.o
 .debug_info    0x000000000000a7e0     0x1761 ./mbedtls/se_aes.o
 .debug_info    0x000000000000bf41      0xa02 ./mbedtls/se_management.o
 .debug_info    0x000000000000c943      0xe0c ./mbedtls/se_sha.o
 .debug_info    0x000000000000d74f     0x1702 ./mbedtls/shax.o
 .debug_info    0x000000000000ee51      0x4f3 ./parser/btl_gbl_custom_tags.o
 .debug_info    0x000000000000f344      0x851 ./parser/btl_image_parser.o
 .debug_info    0x000000000000fb95      0xdde ./storage-common-single/btl_storage.o
 .debug_info    0x0000000000010973      0x141 ./token-management/btl_security_tokens.o

.debug_abbrev   0x0000000000000000     0x2abd
 .debug_abbrev  0x0000000000000000      0x24b ./CMSIS/system_efr32mg21.o
 .debug_abbrev  0x000000000000024b      0x1ad ./core/EFR32/gcc/main_btl_startup.o
 .debug_abbrev  0x00000000000003f8       0xb0 ./core/btl_core.o
 .debug_abbrev  0x00000000000004a8      0x3a0 ./core/btl_main.o
 .debug_abbrev  0x0000000000000848       0xdd ./crc/btl_crc32.o
 .debug_abbrev  0x0000000000000925      0x25e ./crypto/btl_security_aes.o
 .debug_abbrev  0x0000000000000b83      0x270 ./crypto/btl_security_ecdsa.o
 .debug_abbrev  0x0000000000000df3      0x18e ./crypto/btl_security_sha256.o
 .debug_abbrev  0x0000000000000f81      0x2d1 ./emlib/em_msc.o
 .debug_abbrev  0x0000000000001252      0x264 ./emlib/em_se.o
 .debug_abbrev  0x00000000000014b6      0x165 ./emlib/em_system.o
 .debug_abbrev  0x000000000000161b      0x310 ./internal_flash/btl_storage_internal_flash.o
 .debug_abbrev  0x000000000000192b      0x3c5 ./mbedtls/se_aes.o
 .debug_abbrev  0x0000000000001cf0      0x1b1 ./mbedtls/se_management.o
 .debug_abbrev  0x0000000000001ea1      0x2a9 ./mbedtls/se_sha.o
 .debug_abbrev  0x000000000000214a      0x3f3 ./mbedtls/shax.o
 .debug_abbrev  0x000000000000253d      0x10a ./parser/btl_gbl_custom_tags.o
 .debug_abbrev  0x0000000000002647      0x180 ./parser/btl_image_parser.o
 .debug_abbrev  0x00000000000027c7      0x233 ./storage-common-single/btl_storage.o
 .debug_abbrev  0x00000000000029fa       0xc3 ./token-management/btl_security_tokens.o

.debug_loc      0x0000000000000000     0x386d
 .debug_loc     0x0000000000000000      0x120 ./CMSIS/system_efr32mg21.o
 .debug_loc     0x0000000000000120       0x63 ./core/EFR32/gcc/main_btl_startup.o
 .debug_loc     0x0000000000000183      0x29b ./core/btl_main.o
 .debug_loc     0x000000000000041e       0xb4 ./crc/btl_crc32.o
 .debug_loc     0x00000000000004d2      0x401 ./crypto/btl_security_aes.o
 .debug_loc     0x00000000000008d3      0x115 ./crypto/btl_security_ecdsa.o
 .debug_loc     0x00000000000009e8      0x2d1 ./crypto/btl_security_sha256.o
 .debug_loc     0x0000000000000cb9      0x608 ./emlib/em_msc.o
 .debug_loc     0x00000000000012c1      0x752 ./emlib/em_se.o
 .debug_loc     0x0000000000001a13       0x70 ./emlib/em_system.o
 .debug_loc     0x0000000000001a83      0x3f0 ./internal_flash/btl_storage_internal_flash.o
 .debug_loc     0x0000000000001e73      0xbb8 ./mbedtls/se_aes.o
 .debug_loc     0x0000000000002a2b       0xff ./mbedtls/se_sha.o
 .debug_loc     0x0000000000002b2a      0xc6e ./mbedtls/shax.o
 .debug_loc     0x0000000000003798       0x42 ./parser/btl_gbl_custom_tags.o
 .debug_loc     0x00000000000037da       0x21 ./parser/btl_image_parser.o
 .debug_loc     0x00000000000037fb       0x72 ./storage-common-single/btl_storage.o

.debug_aranges  0x0000000000000000      0x560
 .debug_aranges
                0x0000000000000000       0x90 ./CMSIS/system_efr32mg21.o
 .debug_aranges
                0x0000000000000090       0x28 ./core/EFR32/gcc/main_btl_startup.o
 .debug_aranges
                0x00000000000000b8       0x28 ./core/btl_core.o
 .debug_aranges
                0x00000000000000e0       0x38 ./core/btl_main.o
 .debug_aranges
                0x0000000000000118       0x20 ./crc/btl_crc32.o
 .debug_aranges
                0x0000000000000138       0x40 ./crypto/btl_security_aes.o
 .debug_aranges
                0x0000000000000178       0x20 ./crypto/btl_security_ecdsa.o
 .debug_aranges
                0x0000000000000198       0x38 ./crypto/btl_security_sha256.o
 .debug_aranges
                0x00000000000001d0       0x58 ./emlib/em_msc.o
 .debug_aranges
                0x0000000000000228       0xa8 ./emlib/em_se.o
 .debug_aranges
                0x00000000000002d0       0x28 ./emlib/em_system.o
 .debug_aranges
                0x00000000000002f8       0x48 ./internal_flash/btl_storage_internal_flash.o
 .debug_aranges
                0x0000000000000340       0x60 ./mbedtls/se_aes.o
 .debug_aranges
                0x00000000000003a0       0x20 ./mbedtls/se_management.o
 .debug_aranges
                0x00000000000003c0       0x20 ./mbedtls/se_sha.o
 .debug_aranges
                0x00000000000003e0       0xc8 ./mbedtls/shax.o
 .debug_aranges
                0x00000000000004a8       0x28 ./parser/btl_gbl_custom_tags.o
 .debug_aranges
                0x00000000000004d0       0x38 ./parser/btl_image_parser.o
 .debug_aranges
                0x0000000000000508       0x30 ./storage-common-single/btl_storage.o
 .debug_aranges
                0x0000000000000538       0x28 ./token-management/btl_security_tokens.o

.debug_ranges   0x0000000000000000      0x608
 .debug_ranges  0x0000000000000000       0x80 ./CMSIS/system_efr32mg21.o
 .debug_ranges  0x0000000000000080       0x18 ./core/EFR32/gcc/main_btl_startup.o
 .debug_ranges  0x0000000000000098       0x18 ./core/btl_core.o
 .debug_ranges  0x00000000000000b0       0x58 ./core/btl_main.o
 .debug_ranges  0x0000000000000108       0x10 ./crc/btl_crc32.o
 .debug_ranges  0x0000000000000118       0x30 ./crypto/btl_security_aes.o
 .debug_ranges  0x0000000000000148       0x10 ./crypto/btl_security_ecdsa.o
 .debug_ranges  0x0000000000000158       0x40 ./crypto/btl_security_sha256.o
 .debug_ranges  0x0000000000000198       0x78 ./emlib/em_msc.o
 .debug_ranges  0x0000000000000210       0xe8 ./emlib/em_se.o
 .debug_ranges  0x00000000000002f8       0x18 ./emlib/em_system.o
 .debug_ranges  0x0000000000000310       0x68 ./internal_flash/btl_storage_internal_flash.o
 .debug_ranges  0x0000000000000378       0xe8 ./mbedtls/se_aes.o
 .debug_ranges  0x0000000000000460       0x10 ./mbedtls/se_management.o
 .debug_ranges  0x0000000000000470       0x10 ./mbedtls/se_sha.o
 .debug_ranges  0x0000000000000480      0x110 ./mbedtls/shax.o
 .debug_ranges  0x0000000000000590       0x18 ./parser/btl_gbl_custom_tags.o
 .debug_ranges  0x00000000000005a8       0x28 ./parser/btl_image_parser.o
 .debug_ranges  0x00000000000005d0       0x20 ./storage-common-single/btl_storage.o
 .debug_ranges  0x00000000000005f0       0x18 ./token-management/btl_security_tokens.o

.debug_macro    0x0000000000000000    0x34065
 .debug_macro   0x0000000000000000      0x2ba ./CMSIS/system_efr32mg21.o
 .debug_macro   0x00000000000002ba      0xa96 ./CMSIS/system_efr32mg21.o
 .debug_macro   0x0000000000000d50       0x22 ./CMSIS/system_efr32mg21.o
 .debug_macro   0x0000000000000d72       0x4f ./CMSIS/system_efr32mg21.o
 .debug_macro   0x0000000000000dc1       0x51 ./CMSIS/system_efr32mg21.o
 .debug_macro   0x0000000000000e12       0xef ./CMSIS/system_efr32mg21.o
 .debug_macro   0x0000000000000f01       0x6a ./CMSIS/system_efr32mg21.o
 .debug_macro   0x0000000000000f6b      0x1df ./CMSIS/system_efr32mg21.o
 .debug_macro   0x000000000000114a      0x69a ./CMSIS/system_efr32mg21.o
 .debug_macro   0x00000000000017e4       0x1c ./CMSIS/system_efr32mg21.o
 .debug_macro   0x0000000000001800       0x29 ./CMSIS/system_efr32mg21.o
 .debug_macro   0x0000000000001829       0xdf ./CMSIS/system_efr32mg21.o
 .debug_macro   0x0000000000001908     0x1401 ./CMSIS/system_efr32mg21.o
 .debug_macro   0x0000000000002d09       0x5e ./CMSIS/system_efr32mg21.o
 .debug_macro   0x0000000000002d67      0xc3b ./CMSIS/system_efr32mg21.o
 .debug_macro   0x00000000000039a2      0xa66 ./CMSIS/system_efr32mg21.o
 .debug_macro   0x0000000000004408      0x813 ./CMSIS/system_efr32mg21.o
 .debug_macro   0x0000000000004c1b      0x301 ./CMSIS/system_efr32mg21.o
 .debug_macro   0x0000000000004f1c       0x34 ./CMSIS/system_efr32mg21.o
 .debug_macro   0x0000000000004f50      0x305 ./CMSIS/system_efr32mg21.o
 .debug_macro   0x0000000000005255      0x457 ./CMSIS/system_efr32mg21.o
 .debug_macro   0x00000000000056ac      0x241 ./CMSIS/system_efr32mg21.o
 .debug_macro   0x00000000000058ed      0x157 ./CMSIS/system_efr32mg21.o
 .debug_macro   0x0000000000005a44      0x6e6 ./CMSIS/system_efr32mg21.o
 .debug_macro   0x000000000000612a      0x364 ./CMSIS/system_efr32mg21.o
 .debug_macro   0x000000000000648e     0x14e6 ./CMSIS/system_efr32mg21.o
 .debug_macro   0x0000000000007974       0x10 ./CMSIS/system_efr32mg21.o
 .debug_macro   0x0000000000007984      0x792 ./CMSIS/system_efr32mg21.o
 .debug_macro   0x0000000000008116     0x1fd8 ./CMSIS/system_efr32mg21.o
 .debug_macro   0x000000000000a0ee      0xcb2 ./CMSIS/system_efr32mg21.o
 .debug_macro   0x000000000000ada0       0x4c ./CMSIS/system_efr32mg21.o
 .debug_macro   0x000000000000adec     0x15b8 ./CMSIS/system_efr32mg21.o
 .debug_macro   0x000000000000c3a4     0x212d ./CMSIS/system_efr32mg21.o
 .debug_macro   0x000000000000e4d1      0x53c ./CMSIS/system_efr32mg21.o
 .debug_macro   0x000000000000ea0d      0xfe5 ./CMSIS/system_efr32mg21.o
 .debug_macro   0x000000000000f9f2       0x10 ./CMSIS/system_efr32mg21.o
 .debug_macro   0x000000000000fa02      0x7f0 ./CMSIS/system_efr32mg21.o
 .debug_macro   0x00000000000101f2       0x34 ./CMSIS/system_efr32mg21.o
 .debug_macro   0x0000000000010226      0x308 ./CMSIS/system_efr32mg21.o
 .debug_macro   0x000000000001052e      0x63d ./CMSIS/system_efr32mg21.o
 .debug_macro   0x0000000000010b6b      0x80b ./CMSIS/system_efr32mg21.o
 .debug_macro   0x0000000000011376     0x12a1 ./CMSIS/system_efr32mg21.o
 .debug_macro   0x0000000000012617      0x76c ./CMSIS/system_efr32mg21.o
 .debug_macro   0x0000000000012d83      0x8f3 ./CMSIS/system_efr32mg21.o
 .debug_macro   0x0000000000013676     0x132d ./CMSIS/system_efr32mg21.o
 .debug_macro   0x00000000000149a3      0xd93 ./CMSIS/system_efr32mg21.o
 .debug_macro   0x0000000000015736      0x689 ./CMSIS/system_efr32mg21.o
 .debug_macro   0x0000000000015dbf      0x426 ./CMSIS/system_efr32mg21.o
 .debug_macro   0x00000000000161e5      0x3c4 ./CMSIS/system_efr32mg21.o
 .debug_macro   0x00000000000165a9     0x243d ./CMSIS/system_efr32mg21.o
 .debug_macro   0x00000000000189e6     0x12c4 ./CMSIS/system_efr32mg21.o
 .debug_macro   0x0000000000019caa      0x31a ./CMSIS/system_efr32mg21.o
 .debug_macro   0x0000000000019fc4     0x4b42 ./CMSIS/system_efr32mg21.o
 .debug_macro   0x000000000001eb06     0x151e ./CMSIS/system_efr32mg21.o
 .debug_macro   0x0000000000020024     0x217a ./CMSIS/system_efr32mg21.o
 .debug_macro   0x000000000002219e     0x77cd ./CMSIS/system_efr32mg21.o
 .debug_macro   0x000000000002996b     0x1441 ./CMSIS/system_efr32mg21.o
 .debug_macro   0x000000000002adac     0x19a1 ./CMSIS/system_efr32mg21.o
 .debug_macro   0x000000000002c74d      0x346 ./CMSIS/system_efr32mg21.o
 .debug_macro   0x000000000002ca93      0xfd2 ./CMSIS/system_efr32mg21.o
 .debug_macro   0x000000000002da65      0x2f3 ./core/EFR32/gcc/main_btl_startup.o
 .debug_macro   0x000000000002dd58      0x16d ./core/EFR32/gcc/main_btl_startup.o
 .debug_macro   0x000000000002dec5      0x212 ./core/EFR32/gcc/main_btl_startup.o
 .debug_macro   0x000000000002e0d7       0x58 ./core/EFR32/gcc/main_btl_startup.o
 .debug_macro   0x000000000002e12f       0x81 ./core/EFR32/gcc/main_btl_startup.o
 .debug_macro   0x000000000002e1b0       0x22 ./core/EFR32/gcc/main_btl_startup.o
 .debug_macro   0x000000000002e1d2       0x3c ./core/EFR32/gcc/main_btl_startup.o
 .debug_macro   0x000000000002e20e       0x90 ./core/EFR32/gcc/main_btl_startup.o
 .debug_macro   0x000000000002e29e      0x37c ./core/btl_core.o
 .debug_macro   0x000000000002e61a       0x1c ./core/btl_core.o
 .debug_macro   0x000000000002e636       0x18 ./core/btl_core.o
 .debug_macro   0x000000000002e64e      0x100 ./core/btl_core.o
 .debug_macro   0x000000000002e74e       0x1c ./core/btl_core.o
 .debug_macro   0x000000000002e76a       0x10 ./core/btl_core.o
 .debug_macro   0x000000000002e77a       0xd6 ./core/btl_core.o
 .debug_macro   0x000000000002e850      0x1de ./core/btl_core.o
 .debug_macro   0x000000000002ea2e       0x58 ./core/btl_core.o
 .debug_macro   0x000000000002ea86       0x16 ./core/btl_core.o
 .debug_macro   0x000000000002ea9c      0x538 ./core/btl_main.o
 .debug_macro   0x000000000002efd4       0x2a ./core/btl_main.o
 .debug_macro   0x000000000002effe       0x28 ./core/btl_main.o
 .debug_macro   0x000000000002f026       0x10 ./core/btl_main.o
 .debug_macro   0x000000000002f036      0x284 ./core/btl_main.o
 .debug_macro   0x000000000002f2ba       0x97 ./core/btl_main.o
 .debug_macro   0x000000000002f351      0x37a ./core/btl_main.o
 .debug_macro   0x000000000002f6cb       0x58 ./core/btl_main.o
 .debug_macro   0x000000000002f723      0x34d ./core/btl_main.o
 .debug_macro   0x000000000002fa70       0x25 ./core/btl_main.o
 .debug_macro   0x000000000002fa95       0xee ./core/btl_main.o
 .debug_macro   0x000000000002fb83       0x19 ./core/btl_main.o
 .debug_macro   0x000000000002fb9c       0x28 ./core/btl_main.o
 .debug_macro   0x000000000002fbc4       0x18 ./core/btl_main.o
 .debug_macro   0x000000000002fbdc       0x12 ./core/btl_main.o
 .debug_macro   0x000000000002fbee       0x12 ./core/btl_main.o
 .debug_macro   0x000000000002fc00       0x40 ./core/btl_main.o
 .debug_macro   0x000000000002fc40      0x2a2 ./crc/btl_crc32.o
 .debug_macro   0x000000000002fee2       0x10 ./crc/btl_crc32.o
 .debug_macro   0x000000000002fef2      0x54d ./crypto/btl_security_aes.o
 .debug_macro   0x000000000003043f       0x17 ./crypto/btl_security_aes.o
 .debug_macro   0x0000000000030456       0x35 ./crypto/btl_security_aes.o
 .debug_macro   0x000000000003048b       0x9c ./crypto/btl_security_aes.o
 .debug_macro   0x0000000000030527       0x58 ./crypto/btl_security_aes.o
 .debug_macro   0x000000000003057f       0x1f ./crypto/btl_security_aes.o
 .debug_macro   0x000000000003059e       0x43 ./crypto/btl_security_aes.o
 .debug_macro   0x00000000000305e1       0x20 ./crypto/btl_security_aes.o
 .debug_macro   0x0000000000030601      0x18e ./crypto/btl_security_aes.o
 .debug_macro   0x000000000003078f       0x10 ./crypto/btl_security_aes.o
 .debug_macro   0x000000000003079f       0x35 ./crypto/btl_security_aes.o
 .debug_macro   0x00000000000307d4       0x3a ./crypto/btl_security_aes.o
 .debug_macro   0x000000000003080e       0x1c ./crypto/btl_security_aes.o
 .debug_macro   0x000000000003082a       0x10 ./crypto/btl_security_aes.o
 .debug_macro   0x000000000003083a       0x10 ./crypto/btl_security_aes.o
 .debug_macro   0x000000000003084a       0xb6 ./crypto/btl_security_aes.o
 .debug_macro   0x0000000000030900       0x16 ./crypto/btl_security_aes.o
 .debug_macro   0x0000000000030916      0x129 ./crypto/btl_security_aes.o
 .debug_macro   0x0000000000030a3f      0x36f ./crypto/btl_security_ecdsa.o
 .debug_macro   0x0000000000030dae       0x10 ./crypto/btl_security_ecdsa.o
 .debug_macro   0x0000000000030dbe      0x3b0 ./crypto/btl_security_sha256.o
 .debug_macro   0x000000000003116e      0x36e ./emlib/em_msc.o
 .debug_macro   0x00000000000314dc       0x34 ./emlib/em_msc.o
 .debug_macro   0x0000000000031510       0x42 ./emlib/em_msc.o
 .debug_macro   0x0000000000031552       0xc0 ./emlib/em_msc.o
 .debug_macro   0x0000000000031612      0x2d2 ./emlib/em_se.o
 .debug_macro   0x00000000000318e4      0x2af ./emlib/em_system.o
 .debug_macro   0x0000000000031b93      0x450 ./internal_flash/btl_storage_internal_flash.o
 .debug_macro   0x0000000000031fe3      0x435 ./mbedtls/se_aes.o
 .debug_macro   0x0000000000032418       0x16 ./mbedtls/se_aes.o
 .debug_macro   0x000000000003242e      0x40a ./mbedtls/se_management.o
 .debug_macro   0x0000000000032838       0x1c ./mbedtls/se_management.o
 .debug_macro   0x0000000000032854      0x45a ./mbedtls/se_sha.o
 .debug_macro   0x0000000000032cae       0x26 ./mbedtls/se_sha.o
 .debug_macro   0x0000000000032cd4      0x442 ./mbedtls/shax.o
 .debug_macro   0x0000000000033116      0x3b7 ./parser/btl_gbl_custom_tags.o
 .debug_macro   0x00000000000334cd      0x354 ./parser/btl_image_parser.o
 .debug_macro   0x0000000000033821      0x4e5 ./storage-common-single/btl_storage.o
 .debug_macro   0x0000000000033d06      0x35f ./token-management/btl_security_tokens.o

.debug_line     0x0000000000000000    0x10779
 .debug_line    0x0000000000000000      0x997 ./CMSIS/system_efr32mg21.o
 .debug_line    0x0000000000000997      0x992 ./core/EFR32/gcc/main_btl_startup.o
 .debug_line    0x0000000000001329      0xdc3 ./core/btl_core.o
 .debug_line    0x00000000000020ec     0x149e ./core/btl_main.o
 .debug_line    0x000000000000358a      0x881 ./crc/btl_crc32.o
 .debug_line    0x0000000000003e0b     0x1122 ./crypto/btl_security_aes.o
 .debug_line    0x0000000000004f2d      0xa64 ./crypto/btl_security_ecdsa.o
 .debug_line    0x0000000000005991      0xd34 ./crypto/btl_security_sha256.o
 .debug_line    0x00000000000066c5      0xa96 ./emlib/em_msc.o
 .debug_line    0x000000000000715b      0xb53 ./emlib/em_se.o
 .debug_line    0x0000000000007cae      0x90d ./emlib/em_system.o
 .debug_line    0x00000000000085bb     0x10e4 ./internal_flash/btl_storage_internal_flash.o
 .debug_line    0x000000000000969f      0xead ./mbedtls/se_aes.o
 .debug_line    0x000000000000a54c      0xc34 ./mbedtls/se_management.o
 .debug_line    0x000000000000b180      0xc96 ./mbedtls/se_sha.o
 .debug_line    0x000000000000be16      0xe4c ./mbedtls/shax.o
 .debug_line    0x000000000000cc62      0xeb2 ./parser/btl_gbl_custom_tags.o
 .debug_line    0x000000000000db14      0xcbe ./parser/btl_image_parser.o
 .debug_line    0x000000000000e7d2     0x12fa ./storage-common-single/btl_storage.o
 .debug_line    0x000000000000facc      0xcad ./token-management/btl_security_tokens.o

.debug_str      0x0000000000000000   0x147a9b
 .debug_str     0x0000000000000000   0x1396da ./CMSIS/system_efr32mg21.o
                                     0x139b8f (size before relaxing)
 .debug_str     0x00000000001396da     0x2a26 ./core/EFR32/gcc/main_btl_startup.o
                                     0x13bb48 (size before relaxing)
 .debug_str     0x000000000013c100     0x1a3c ./core/btl_core.o
                                     0x13cef2 (size before relaxing)
 .debug_str     0x000000000013db3c     0x4d20 ./core/btl_main.o
                                     0x14243e (size before relaxing)
 .debug_str     0x000000000014285c      0x25f ./crc/btl_crc32.o
                                     0x139649 (size before relaxing)
 .debug_str     0x0000000000142abb     0x2032 ./crypto/btl_security_aes.o
                                     0x142a28 (size before relaxing)
 .debug_str     0x0000000000144aed      0x2ad ./crypto/btl_security_ecdsa.o
                                     0x13e734 (size before relaxing)
 .debug_str     0x0000000000144d9a      0x14a ./crypto/btl_security_sha256.o
                                     0x13e211 (size before relaxing)
 .debug_str     0x0000000000144ee4     0x1679 ./emlib/em_msc.o
                                     0x13b9cb (size before relaxing)
 .debug_str     0x000000000014655d      0x498 ./emlib/em_se.o
                                     0x13a8a4 (size before relaxing)
 .debug_str     0x00000000001469f5       0xc9 ./emlib/em_system.o
                                     0x139942 (size before relaxing)
 .debug_str     0x0000000000146abe      0x1df ./internal_flash/btl_storage_internal_flash.o
                                     0x14075e (size before relaxing)
 .debug_str     0x0000000000146c9d      0x212 ./mbedtls/se_aes.o
                                     0x13ef89 (size before relaxing)
 .debug_str     0x0000000000146eaf      0x12e ./mbedtls/se_management.o
                                     0x13ec01 (size before relaxing)
 .debug_str     0x0000000000146fdd      0x25a ./mbedtls/se_sha.o
                                     0x13e6c5 (size before relaxing)
 .debug_str     0x0000000000147237      0x306 ./mbedtls/shax.o
                                     0x13e78f (size before relaxing)
 .debug_str     0x000000000014753d      0x142 ./parser/btl_gbl_custom_tags.o
                                     0x13d4ad (size before relaxing)
 .debug_str     0x000000000014767f      0x12e ./parser/btl_image_parser.o
                                     0x13d4fb (size before relaxing)
 .debug_str     0x00000000001477ad      0x1a6 ./storage-common-single/btl_storage.o
                                     0x141725 (size before relaxing)
 .debug_str     0x0000000000147953      0x148 ./token-management/btl_security_tokens.o
                                     0x13ceab (size before relaxing)

.debug_frame    0x0000000000000000      0xc40
 .debug_frame   0x0000000000000000      0x108 ./CMSIS/system_efr32mg21.o
 .debug_frame   0x0000000000000108       0x38 ./core/EFR32/gcc/main_btl_startup.o
 .debug_frame   0x0000000000000140       0x30 ./core/btl_core.o
 .debug_frame   0x0000000000000170       0x6c ./core/btl_main.o
 .debug_frame   0x00000000000001dc       0x2c ./crc/btl_crc32.o
 .debug_frame   0x0000000000000208       0x8c ./crypto/btl_security_aes.o
 .debug_frame   0x0000000000000294       0x40 ./crypto/btl_security_ecdsa.o
 .debug_frame   0x00000000000002d4       0x64 ./crypto/btl_security_sha256.o
 .debug_frame   0x0000000000000338       0xec ./emlib/em_msc.o
 .debug_frame   0x0000000000000424      0x200 ./emlib/em_se.o
 .debug_frame   0x0000000000000624       0x30 ./emlib/em_system.o
 .debug_frame   0x0000000000000654       0x9c ./internal_flash/btl_storage_internal_flash.o
 .debug_frame   0x00000000000006f0      0x154 ./mbedtls/se_aes.o
 .debug_frame   0x0000000000000844       0x30 ./mbedtls/se_management.o
 .debug_frame   0x0000000000000874       0x3c ./mbedtls/se_sha.o
 .debug_frame   0x00000000000008b0      0x1f8 ./mbedtls/shax.o
 .debug_frame   0x0000000000000aa8       0x30 ./parser/btl_gbl_custom_tags.o
 .debug_frame   0x0000000000000ad8       0x60 ./parser/btl_image_parser.o
 .debug_frame   0x0000000000000b38       0x54 ./storage-common-single/btl_storage.o
 .debug_frame   0x0000000000000b8c       0x40 ./token-management/btl_security_tokens.o
 .debug_frame   0x0000000000000bcc       0x2c /Applications/Simplicity Studio.app/Contents/Eclipse/developer/toolchains/gnu_arm/7.2_2017q4/bin/../lib/gcc/arm-none-eabi/7.2.1/../../../../arm-none-eabi/lib/thumb/v8-m.main/fpv5-sp/softfp/libc_nano.a(lib_a-memcmp.o)
 .debug_frame   0x0000000000000bf8       0x28 /Applications/Simplicity Studio.app/Contents/Eclipse/developer/toolchains/gnu_arm/7.2_2017q4/bin/../lib/gcc/arm-none-eabi/7.2.1/../../../../arm-none-eabi/lib/thumb/v8-m.main/fpv5-sp/softfp/libc_nano.a(lib_a-memcpy-stub.o)
 .debug_frame   0x0000000000000c20       0x20 /Applications/Simplicity Studio.app/Contents/Eclipse/developer/toolchains/gnu_arm/7.2_2017q4/bin/../lib/gcc/arm-none-eabi/7.2.1/../../../../arm-none-eabi/lib/thumb/v8-m.main/fpv5-sp/softfp/libc_nano.a(lib_a-memset.o)
